// Jest Snapshot v1, https://goo.gl/fbAQLP

exports[`Label should render as default 1`] = `
.emotion-0 {
  font-family: Helvetica,sans-serif;
  font-size: medium;
  font-style: normal;
  font-weight: 700;
  line-height: 1em;
}

<div>
  <label
    class="emotion-0"
  >
    example
  </label>
</div>
`;
