// Jest Snapshot v1, https://goo.gl/fbAQLP

exports[`NavItem should render as default 1`] = `
.emotion-0 {
  background: rgb(255,255,255);
  color: rgb(1,1,1);
  border-color: rgb(216,216,216);
  cursor: pointer;
  font-family: Helvetica,sans-serif;
  font-size: medium;
  font-style: normal;
  font-weight: 400;
  line-height: 1.6em;
  padding-top: 8px;
  padding-bottom: 8px;
  padding-left: 16px;
  padding-right: 16px;
  display: inline-block;
  -webkit-text-decoration: none;
  text-decoration: none;
}

.emotion-0:disabled,
.emotion-0.inactive {
  cursor: pointer;
  background: rgb(191,191,191);
  color: rgb(1,1,1);
  border-color: rgb(165,165,165);
  -webkit-text-decoration-line: none;
  text-decoration-line: none;
}

.emotion-0:not(:disabled):not(.inactive):hover {
  background: rgb(235,235,235);
  color: rgb(1,1,1);
  border-color: rgb(216,216,216);
  -webkit-text-decoration-line: none;
  text-decoration-line: none;
}

.emotion-0:not(:disabled):not(.inactive):active {
  background: rgb(216,216,216);
  color: rgb(1,1,1);
  border-color: rgb(235,235,235);
  -webkit-text-decoration-line: none;
  text-decoration-line: none;
}

<div>
  <a
    class="nav-item emotion-0"
    color="background"
    cursor="pointer"
    href="#"
  >
    example
  </a>
</div>
`;
