// Jest Snapshot v1, https://goo.gl/fbAQLP

exports[`Thirds should render as default 1`] = `
.emotion-0 {
  display: block;
  grid-template-columns: 1fr 2fr;
  grid-template-areas: 'left right';
}

@media (min-width:480px) {
  .emotion-0 {
    display: grid;
  }
}

@media (min-width:1200px) {
  .emotion-0 > :nth-child(1) {
    padding-left: calc(((100vw - 1200px) / 2));
  }

  .emotion-0 > :nth-last-child(1) {
    padding-right: calc(((100vw - 1200px) / 2));
  }
}

.emotion-0 > :nth-child(odd) {
  grid-area: left;
}

.emotion-0 > :nth-child(even) {
  grid-area: right;
}

<div>
  <div
    class="emotion-0"
  >
    <div>
      a
    </div>
    <div>
      b
    </div>
  </div>
</div>
`;
